******************************************************************************
                  TI ARM Linker PC v20.2.0                     
******************************************************************************
>> Linked Sun Oct 25 21:29:12 2020

OUTPUT FILE NAME:   <Stop_Watch.out>
ENTRY POINT SYMBOL: "_c_int00_noargs"  address: 0000274d


MEMORY CONFIGURATION

         name            origin    length      used     unused   attr    fill
----------------------  --------  ---------  --------  --------  ----  --------
  MAIN                  00000000   00040000  0000298d  0003d673  R  X
  INFO                  00200000   00004000  00000000  00004000  R  X
  SRAM_CODE             01000000   00010000  00000220  0000fde0  RW X
  SRAM_DATA             20000000   00010000  00000220  0000fde0  RW  


SEGMENT ALLOCATION MAP

run origin  load origin   length   init length attrs members
----------  ----------- ---------- ----------- ----- -------
00000000    00000000    00002994   00002994    r-x
  00000000    00000000    000000e4   000000e4    r-- .intvecs
  000000e4    000000e4    0000278c   0000278c    r-x .text
  00002870    00002870    00000101   00000101    r-- .const
  00002978    00002978    0000001c   0000001c    r-- .cinit
20000000    20000000    00000020   00000000    rw-
  20000000    20000000    00000020   00000000    rw- .data
2000fe00    2000fe00    00000200   00000000    rw-
  2000fe00    2000fe00    00000200   00000000    rw- .stack


SECTION ALLOCATION MAP

 output                                  attributes/
section   page    origin      length       input sections
--------  ----  ----------  ----------   ----------------
.intvecs   0    00000000    000000e4     
                  00000000    000000e4     startup_msp432p401r_ccs.obj (.intvecs:retain)

.text      0    000000e4    0000278c     
                  000000e4    00000a4e     rtsv7M4_T_le_v4SPD16_eabi.lib : _printfi.c.obj (.text:__TI_printfi)
                  00000b32    00000002                                   : div0.asm.obj (.text)
                  00000b34    00000334     system_msp432p401r.obj (.text)
                  00000e68    000002e4     main.obj (.text)
                  0000114c    00000270     rtsv7M4_T_le_v4SPD16_eabi.lib : _printfi.c.obj (.text:_pconv_a)
                  000013bc    0000021c     LCD.obj (.text)
                  000015d8    000001d0     rtsv7M4_T_le_v4SPD16_eabi.lib : _printfi.c.obj (.text:_pconv_g)
                  000017a8    000001b6                                   : fd_add_t2.asm.obj (.text)
                  0000195e    00000002     --HOLE-- [fill = 0]
                  00001960    0000013c                                   : _printfi.c.obj (.text:_pconv_e)
                  00001a9c    00000136                                   : fd_div_t2.asm.obj (.text)
                  00001bd2    00000002     --HOLE-- [fill = 0]
                  00001bd4    00000124                                   : _printfi.c.obj (.text:fcvt)
                  00001cf8    00000110                                   : s_scalbn.c.obj (.text:scalbn)
                  00001e08    000000fc                                   : fd_mul_t2.asm.obj (.text)
                  00001f04    000000b1                                   : _printfi.c.obj (.text:_ltostr)
                  00001fb5    00000003     --HOLE-- [fill = 0]
                  00001fb8    000000a8     DCOset.obj (.text)
                  00002060    0000009c     rtsv7M4_T_le_v4SPD16_eabi.lib : memcpy_t2.asm.obj (.text)
                  000020fc    00000096                                   : ull_div_t2.asm.obj (.text)
                  00002192    00000086                                   : fd_cmp_t2.asm.obj (.text:__aeabi_cdcmple)
                  00002218    00000086                                   : fd_cmp_t2.asm.obj (.text:__aeabi_cdrcmple)
                  0000229e    0000007a                                   : memset_t2.asm.obj (.text)
                  00002318    0000006e                                   : _printfi.c.obj (.text:_mcpy)
                  00002386    0000006e                                   : fd_tos_t2.asm.obj (.text)
                  000023f4    00000068                                   : copy_decompress_lzss.c.obj (.text:decompress:lzss:__TI_decompress_lzss)
                  0000245c    00000064                                   : s_frexp.c.obj (.text:frexp)
                  000024c0    00000056                                   : _printfi.c.obj (.text:_pconv_f)
                  00002516    00000054                                   : _ltoa.c.obj (.text:__TI_ltoa)
                  0000256a    00000052                                   : _printfi.c.obj (.text:_ecpy)
                  000025bc    0000004c                                   : atoi.c.obj (.text:atoi)
                  00002608    00000048                                   : fd_toi_t2.asm.obj (.text)
                  00002650    00000044                                   : autoinit.c.obj (.text:__TI_auto_init_nobinit_nopinit:__TI_auto_init_nobinit_nopinit)
                  00002694    00000040                                   : sprintf.c.obj (.text:sprintf)
                  000026d4    0000003e                                   : _printfi.c.obj (.text:_fcpy)
                  00002712    00000038                                   : fs_tod_t2.asm.obj (.text)
                  0000274a    00000002     --HOLE-- [fill = 0]
                  0000274c    00000034                                   : boot_cortex_m.c.obj (.text:_c_int00_noargs:_c_int00_noargs)
                  00002780    0000002e                                   : i_tofd_t2.asm.obj (.text)
                  000027ae    0000001c                                   : memccpy.c.obj (.text:memccpy)
                  000027ca    0000001a                                   : s_copysign.c.obj (.text:copysign)
                  000027e4    00000018                                   : sprintf.c.obj (.text:_outs)
                  000027fc    00000016                                   : strchr.c.obj (.text:strchr)
                  00002812    00000014                                   : strlen.c.obj (.text:strlen)
                  00002826    00000012                                   : wcslen.c.obj (.text:wcslen)
                  00002838    0000000e                                   : copy_decompress_none.c.obj (.text:decompress:none:__TI_decompress_none)
                  00002846    0000000e     startup_msp432p401r_ccs.obj (.text)
                  00002854    0000000a     rtsv7M4_T_le_v4SPD16_eabi.lib : sprintf.c.obj (.text:_outc)
                  0000285e    00000002     --HOLE-- [fill = 0]
                  00002860    00000008                                   : errno.c.obj (.text:__aeabi_errno_addr)
                  00002868    00000004                                   : pre_init.c.obj (.text:_system_pre_init)
                  0000286c    00000004                                   : exit.c.obj (.text:abort:abort)

.const     0    00002870    00000101     
                  00002870    00000101     rtsv7M4_T_le_v4SPD16_eabi.lib : ctype.c.obj (.const:.string:_ctypes_)

.cinit     0    00002978    0000001c     
                  00002978    0000000c     (.cinit..data.load) [load image, compression = lzss]
                  00002984    00000008     (__TI_handler_table)
                  0000298c    00000008     (__TI_cinit_table)

.init_array 
*          0    00000000    00000000     UNINITIALIZED

.binit     0    00000000    00000000     

.data      0    20000000    00000020     UNINITIALIZED
                  20000000    00000018     main.obj (.data)
                  20000018    00000004     rtsv7M4_T_le_v4SPD16_eabi.lib : errno.c.obj (.data)
                  2000001c    00000004     system_msp432p401r.obj (.data)

.stack     0    2000fe00    00000200     UNINITIALIZED
                  2000fe00    00000004     rtsv7M4_T_le_v4SPD16_eabi.lib : boot_cortex_m.c.obj (.stack)
                  2000fe04    000001fc     --HOLE--

__llvm_prf_cnts 
*          0    20000000    00000000     UNINITIALIZED

MODULE SUMMARY

       Module                        code    ro data   rw data
       ------                        ----    -------   -------
    .\
       system_msp432p401r.obj        820     0         8      
       main.obj                      740     0         48     
       LCD.obj                       540     0         0      
       startup_msp432p401r_ccs.obj   14      228       0      
       DCOset.obj                    168     0         0      
    +--+-----------------------------+-------+---------+---------+
       Total:                        2282    228       56     
                                                              
    C:\ti\ccs1000\ccs\tools\compiler\ti-cgt-arm_20.2.0.LTS\lib\rtsv7M4_T_le_v4SPD16_eabi.lib
       _printfi.c.obj                4851    0         0      
       fd_add_t2.asm.obj             438     0         0      
       fd_div_t2.asm.obj             310     0         0      
       s_scalbn.c.obj                272     0         0      
       fd_cmp_t2.asm.obj             268     0         0      
       ctype.c.obj                   0       257       0      
       fd_mul_t2.asm.obj             252     0         0      
       memcpy_t2.asm.obj             156     0         0      
       ull_div_t2.asm.obj            150     0         0      
       memset_t2.asm.obj             122     0         0      
       fd_tos_t2.asm.obj             110     0         0      
       copy_decompress_lzss.c.obj    104     0         0      
       s_frexp.c.obj                 100     0         0      
       sprintf.c.obj                 98      0         0      
       _ltoa.c.obj                   84      0         0      
       atoi.c.obj                    76      0         0      
       fd_toi_t2.asm.obj             72      0         0      
       autoinit.c.obj                68      0         0      
       fs_tod_t2.asm.obj             56      0         0      
       boot_cortex_m.c.obj           52      0         0      
       i_tofd_t2.asm.obj             46      0         0      
       memccpy.c.obj                 28      0         0      
       s_copysign.c.obj              26      0         0      
       strchr.c.obj                  22      0         0      
       strlen.c.obj                  20      0         0      
       wcslen.c.obj                  18      0         0      
       errno.c.obj                   8       0         8      
       copy_decompress_none.c.obj    14      0         0      
       exit.c.obj                    4       0         0      
       pre_init.c.obj                4       0         0      
       div0.asm.obj                  2       0         0      
    +--+-----------------------------+-------+---------+---------+
       Total:                        7831    257       8      
                                                              
       Stack:                        0       0         1024   
       Linker Generated:             0       28        0      
    +--+-----------------------------+-------+---------+---------+
       Grand Total:                  10113   513       1088   


LINKER GENERATED COPY TABLES

__TI_cinit_table @ 0000298c records: 1, size/record: 8, table size: 8
	.data: load addr=00002978, load size=0000000c bytes, run addr=20000000, run size=00000020 bytes, compression=lzss


LINKER GENERATED HANDLER TABLE

__TI_handler_table @ 00002984 records: 2, size/record: 4, table size: 8
	index: 0, handler: __TI_decompress_lzss
	index: 1, handler: __TI_decompress_none


GLOBAL SYMBOLS: SORTED ALPHABETICALLY BY Name 

address   name                          
-------   ----                          
00002853  ADC14_IRQHandler              
00002853  AES256_IRQHandler             
00002853  BusFault_Handler              
0000286d  C$$EXIT                       
00002853  COMP_E0_IRQHandler            
00002853  COMP_E1_IRQHandler            
00002853  CS_IRQHandler                 
00001515  Clear_LCD                     
00002853  DMA_ERR_IRQHandler            
00002853  DMA_INT0_IRQHandler           
00002853  DMA_INT1_IRQHandler           
00002853  DMA_INT2_IRQHandler           
00002853  DMA_INT3_IRQHandler           
00002853  DebugMon_Handler              
00002853  Default_Handler               
00002853  EUSCIA0_IRQHandler            
00002853  EUSCIA1_IRQHandler            
00002853  EUSCIA2_IRQHandler            
00002853  EUSCIA3_IRQHandler            
00002853  EUSCIB0_IRQHandler            
00002853  EUSCIB1_IRQHandler            
00002853  EUSCIB2_IRQHandler            
00002853  EUSCIB3_IRQHandler            
00002853  FLCTL_IRQHandler              
00002853  FPU_IRQHandler                
00002853  HardFault_Handler             
0000152f  Home_LCD                      
000014b1  LCD_command                   
000014eb  LCD_data                      
000013f9  LCD_init                      
00001459  LCD_nibble_write              
00001573  Line_two_LCD                  
00002853  MemManage_Handler             
00002853  NMI_Handler                   
00002853  PCM_IRQHandler                
00002853  PORT1_IRQHandler              
00002853  PORT2_IRQHandler              
00002853  PORT3_IRQHandler              
00002853  PORT4_IRQHandler              
0000108b  PORT5_IRQHandler              
0000108b  PORT5_IRQHandler              
00002853  PORT6_IRQHandler              
00002853  PSS_IRQHandler                
00002853  PendSV_Handler                
00002853  RTC_C_IRQHandler              
00002847  Reset_Handler                 
00002853  SVC_Handler                   
00002853  SysTick_Handler               
2000001c  SystemCoreClock               
00000b35  SystemCoreClockUpdate         
00000dad  SystemInit                    
00002853  T32_INT1_IRQHandler           
00002853  T32_INT2_IRQHandler           
00002853  T32_INTC_IRQHandler           
00002853  TA0_0_IRQHandler              
00000eeb  TA0_N_IRQHandler              
00000eeb  TA0_N_IRQHandler              
00002853  TA1_0_IRQHandler              
00002853  TA1_N_IRQHandler              
00002853  TA2_0_IRQHandler              
00002853  TA2_N_IRQHandler              
00002853  TA3_0_IRQHandler              
00002853  TA3_N_IRQHandler              
00002853  UsageFault_Handler            
4000480c  WDTCTL_SYM                    
00002853  WDT_A_IRQHandler              
00001549  Write_char_LCD                
0000158d  Write_string_LCD              
20010000  __STACK_END                   
00000200  __STACK_SIZE                  
0000298c  __TI_CINIT_Base               
00002994  __TI_CINIT_Limit              
00002984  __TI_Handler_Table_Base       
0000298c  __TI_Handler_Table_Limit      
00002651  __TI_auto_init_nobinit_nopinit
000023f5  __TI_decompress_lzss          
00002839  __TI_decompress_none          
00002517  __TI_ltoa                     
ffffffff  __TI_pprof_out_hndl           
000000e5  __TI_printfi                  
ffffffff  __TI_prof_data_size           
ffffffff  __TI_prof_data_start          
00000000  __TI_static_base__            
00002193  __aeabi_cdcmpeq               
00002193  __aeabi_cdcmple               
00002219  __aeabi_cdrcmple              
00002387  __aeabi_d2f                   
00002609  __aeabi_d2iz                  
000017b3  __aeabi_dadd                  
00001a9d  __aeabi_ddiv                  
00001e09  __aeabi_dmul                  
000017a9  __aeabi_dsub                  
00002861  __aeabi_errno_addr            
00002713  __aeabi_f2d                   
00002781  __aeabi_i2d                   
00000b33  __aeabi_idiv0                 
00000b33  __aeabi_ldiv0                 
0000229f  __aeabi_memclr                
0000229f  __aeabi_memclr4               
0000229f  __aeabi_memclr8               
00002061  __aeabi_memcpy                
00002061  __aeabi_memcpy4               
00002061  __aeabi_memcpy8               
000022a1  __aeabi_memset                
000022a1  __aeabi_memset4               
000022a1  __aeabi_memset8               
000020fd  __aeabi_uldivmod              
ffffffff  __binit__                     
ffffffff  __c_args__                    
UNDEFED   __mpu_init                    
2000fe00  __stack                       
20000000  __start___llvm_prf_cnts       
20000000  __stop___llvm_prf_cnts        
0000274d  _c_int00_noargs               
00002870  _ctypes_                      
UNDEFED   _system_post_cinit            
00002869  _system_pre_init              
0000286d  abort                         
000025bd  atoi                          
ffffffff  binit                         
20000000  cnt                           
000027cb  copysign                      
000027cb  copysignl                     
00002033  delay                         
000013bd  delayMs                       
20000018  errno                         
20000010  final_val                     
0000245d  frexp                         
0000245d  frexpl                        
00000000  interruptVectors              
00001cf9  ldexp                         
00001cf9  ldexpl                        
00000e69  main                          
000027af  memccpy                       
00002061  memcpy                        
000022a7  memset                        
20000014  on                            
00001cf9  scalbn                        
00001cf9  scalbnl                       
2000000c  sec_val                       
00001fb9  set_DCO                       
00002695  sprintf                       
0000104f  start_clear_interrupt_init    
20000008  stop_val                      
000027fd  strchr                        
00002813  strlen                        
20000004  time_count                    
00000e8f  timer_init                    
00002827  wcslen                        


GLOBAL SYMBOLS: SORTED BY Symbol Address 

address   name                          
-------   ----                          
00000000  __TI_static_base__            
00000000  interruptVectors              
000000e5  __TI_printfi                  
00000200  __STACK_SIZE                  
00000b33  __aeabi_idiv0                 
00000b33  __aeabi_ldiv0                 
00000b35  SystemCoreClockUpdate         
00000dad  SystemInit                    
00000e69  main                          
00000e8f  timer_init                    
00000eeb  TA0_N_IRQHandler              
00000eeb  TA0_N_IRQHandler              
0000104f  start_clear_interrupt_init    
0000108b  PORT5_IRQHandler              
0000108b  PORT5_IRQHandler              
000013bd  delayMs                       
000013f9  LCD_init                      
00001459  LCD_nibble_write              
000014b1  LCD_command                   
000014eb  LCD_data                      
00001515  Clear_LCD                     
0000152f  Home_LCD                      
00001549  Write_char_LCD                
00001573  Line_two_LCD                  
0000158d  Write_string_LCD              
000017a9  __aeabi_dsub                  
000017b3  __aeabi_dadd                  
00001a9d  __aeabi_ddiv                  
00001cf9  ldexp                         
00001cf9  ldexpl                        
00001cf9  scalbn                        
00001cf9  scalbnl                       
00001e09  __aeabi_dmul                  
00001fb9  set_DCO                       
00002033  delay                         
00002061  __aeabi_memcpy                
00002061  __aeabi_memcpy4               
00002061  __aeabi_memcpy8               
00002061  memcpy                        
000020fd  __aeabi_uldivmod              
00002193  __aeabi_cdcmpeq               
00002193  __aeabi_cdcmple               
00002219  __aeabi_cdrcmple              
0000229f  __aeabi_memclr                
0000229f  __aeabi_memclr4               
0000229f  __aeabi_memclr8               
000022a1  __aeabi_memset                
000022a1  __aeabi_memset4               
000022a1  __aeabi_memset8               
000022a7  memset                        
00002387  __aeabi_d2f                   
000023f5  __TI_decompress_lzss          
0000245d  frexp                         
0000245d  frexpl                        
00002517  __TI_ltoa                     
000025bd  atoi                          
00002609  __aeabi_d2iz                  
00002651  __TI_auto_init_nobinit_nopinit
00002695  sprintf                       
00002713  __aeabi_f2d                   
0000274d  _c_int00_noargs               
00002781  __aeabi_i2d                   
000027af  memccpy                       
000027cb  copysign                      
000027cb  copysignl                     
000027fd  strchr                        
00002813  strlen                        
00002827  wcslen                        
00002839  __TI_decompress_none          
00002847  Reset_Handler                 
00002853  ADC14_IRQHandler              
00002853  AES256_IRQHandler             
00002853  BusFault_Handler              
00002853  COMP_E0_IRQHandler            
00002853  COMP_E1_IRQHandler            
00002853  CS_IRQHandler                 
00002853  DMA_ERR_IRQHandler            
00002853  DMA_INT0_IRQHandler           
00002853  DMA_INT1_IRQHandler           
00002853  DMA_INT2_IRQHandler           
00002853  DMA_INT3_IRQHandler           
00002853  DebugMon_Handler              
00002853  Default_Handler               
00002853  EUSCIA0_IRQHandler            
00002853  EUSCIA1_IRQHandler            
00002853  EUSCIA2_IRQHandler            
00002853  EUSCIA3_IRQHandler            
00002853  EUSCIB0_IRQHandler            
00002853  EUSCIB1_IRQHandler            
00002853  EUSCIB2_IRQHandler            
00002853  EUSCIB3_IRQHandler            
00002853  FLCTL_IRQHandler              
00002853  FPU_IRQHandler                
00002853  HardFault_Handler             
00002853  MemManage_Handler             
00002853  NMI_Handler                   
00002853  PCM_IRQHandler                
00002853  PORT1_IRQHandler              
00002853  PORT2_IRQHandler              
00002853  PORT3_IRQHandler              
00002853  PORT4_IRQHandler              
00002853  PORT6_IRQHandler              
00002853  PSS_IRQHandler                
00002853  PendSV_Handler                
00002853  RTC_C_IRQHandler              
00002853  SVC_Handler                   
00002853  SysTick_Handler               
00002853  T32_INT1_IRQHandler           
00002853  T32_INT2_IRQHandler           
00002853  T32_INTC_IRQHandler           
00002853  TA0_0_IRQHandler              
00002853  TA1_0_IRQHandler              
00002853  TA1_N_IRQHandler              
00002853  TA2_0_IRQHandler              
00002853  TA2_N_IRQHandler              
00002853  TA3_0_IRQHandler              
00002853  TA3_N_IRQHandler              
00002853  UsageFault_Handler            
00002853  WDT_A_IRQHandler              
00002861  __aeabi_errno_addr            
00002869  _system_pre_init              
0000286d  C$$EXIT                       
0000286d  abort                         
00002870  _ctypes_                      
00002984  __TI_Handler_Table_Base       
0000298c  __TI_CINIT_Base               
0000298c  __TI_Handler_Table_Limit      
00002994  __TI_CINIT_Limit              
20000000  __start___llvm_prf_cnts       
20000000  __stop___llvm_prf_cnts        
20000000  cnt                           
20000004  time_count                    
20000008  stop_val                      
2000000c  sec_val                       
20000010  final_val                     
20000014  on                            
20000018  errno                         
2000001c  SystemCoreClock               
2000fe00  __stack                       
20010000  __STACK_END                   
4000480c  WDTCTL_SYM                    
ffffffff  __TI_pprof_out_hndl           
ffffffff  __TI_prof_data_size           
ffffffff  __TI_prof_data_start          
ffffffff  __binit__                     
ffffffff  __c_args__                    
ffffffff  binit                         
UNDEFED   __mpu_init                    
UNDEFED   _system_post_cinit            

[149 symbols]
